max slew

Pin                                    Limit    Slew   Slack
------------------------------------------------------------
ANTENNA__30513__B2/DIODE                1.50    3.83   -2.33 (VIOLATED)
_30513_/B2                              1.50    3.83   -2.33 (VIOLATED)
_30512_/Y                               1.50    3.82   -2.32 (VIOLATED)
_44615_/Z                               1.52    3.28   -1.76 (VIOLATED)
ANTENNA__43058__S/DIODE                 1.50    3.01   -1.51 (VIOLATED)
_43058_/S                               1.50    3.01   -1.51 (VIOLATED)
_43055_/S                               1.50    3.01   -1.51 (VIOLATED)
ANTENNA__43055__S/DIODE                 1.50    3.01   -1.51 (VIOLATED)
ANTENNA__25862__B2/DIODE                1.50    3.01   -1.51 (VIOLATED)
_25862_/B2                              1.50    3.01   -1.51 (VIOLATED)
_25860_/B                               1.50    3.01   -1.51 (VIOLATED)
ANTENNA__25860__B/DIODE                 1.50    3.01   -1.51 (VIOLATED)
_26177_/B1                              1.50    3.01   -1.51 (VIOLATED)
ANTENNA__26177__B1/DIODE                1.50    3.01   -1.51 (VIOLATED)
ANTENNA__43091__S/DIODE                 1.50    3.01   -1.51 (VIOLATED)
_43091_/S                               1.50    3.01   -1.51 (VIOLATED)
_43109_/S                               1.50    3.01   -1.51 (VIOLATED)
ANTENNA__43109__S/DIODE                 1.50    3.01   -1.51 (VIOLATED)
ANTENNA__43094__S/DIODE                 1.50    3.00   -1.50 (VIOLATED)
_43094_/S                               1.50    3.00   -1.50 (VIOLATED)
_43112_/S                               1.50    3.00   -1.50 (VIOLATED)
ANTENNA__43112__S/DIODE                 1.50    3.00   -1.50 (VIOLATED)
_43106_/S                               1.50    3.00   -1.50 (VIOLATED)
ANTENNA__43106__S/DIODE                 1.50    3.00   -1.50 (VIOLATED)
ANTENNA__43097__S/DIODE                 1.50    3.00   -1.50 (VIOLATED)
_43100_/S                               1.50    3.00   -1.50 (VIOLATED)
ANTENNA__43100__S/DIODE                 1.50    3.00   -1.50 (VIOLATED)
_43127_/S                               1.50    3.00   -1.50 (VIOLATED)
ANTENNA__43127__S/DIODE                 1.50    3.00   -1.50 (VIOLATED)
_43103_/S                               1.50    3.00   -1.50 (VIOLATED)
ANTENNA__43103__S/DIODE                 1.50    3.00   -1.50 (VIOLATED)
ANTENNA__43124__S/DIODE                 1.50    3.00   -1.50 (VIOLATED)
_43118_/S                               1.50    3.00   -1.50 (VIOLATED)
ANTENNA__43118__S/DIODE                 1.50    3.00   -1.50 (VIOLATED)
ANTENNA__43130__S/DIODE                 1.50    3.00   -1.50 (VIOLATED)
_43130_/S                               1.50    3.00   -1.50 (VIOLATED)
ANTENNA__43133__S/DIODE                 1.50    3.00   -1.50 (VIOLATED)
_43133_/S                               1.50    3.00   -1.50 (VIOLATED)
_43145_/S                               1.50    3.00   -1.50 (VIOLATED)
ANTENNA__43145__S/DIODE                 1.50    3.00   -1.50 (VIOLATED)
ANTENNA__43142__S/DIODE                 1.50    3.00   -1.50 (VIOLATED)
_43142_/S                               1.50    3.00   -1.50 (VIOLATED)
_43148_/S                               1.50    3.00   -1.50 (VIOLATED)
ANTENNA__43061__S/DIODE                 1.50    3.00   -1.50 (VIOLATED)
ANTENNA__43064__S/DIODE                 1.50    3.00   -1.50 (VIOLATED)
ANTENNA__43067__S/DIODE                 1.50    3.00   -1.50 (VIOLATED)
ANTENNA__43070__S/DIODE                 1.50    3.00   -1.50 (VIOLATED)
ANTENNA__43073__S/DIODE                 1.50    3.00   -1.50 (VIOLATED)
ANTENNA__43076__S/DIODE                 1.50    3.00   -1.50 (VIOLATED)
ANTENNA__43079__S/DIODE                 1.50    3.00   -1.50 (VIOLATED)
ANTENNA__43082__S/DIODE                 1.50    3.00   -1.50 (VIOLATED)
ANTENNA__43085__S/DIODE                 1.50    3.00   -1.50 (VIOLATED)
ANTENNA__43088__S/DIODE                 1.50    3.00   -1.50 (VIOLATED)
ANTENNA__43115__S/DIODE                 1.50    3.00   -1.50 (VIOLATED)
ANTENNA__43121__S/DIODE                 1.50    3.00   -1.50 (VIOLATED)
ANTENNA__43136__S/DIODE                 1.50    3.00   -1.50 (VIOLATED)
ANTENNA__43139__S/DIODE                 1.50    3.00   -1.50 (VIOLATED)
ANTENNA__43148__S/DIODE                 1.50    3.00   -1.50 (VIOLATED)
_43061_/S                               1.50    3.00   -1.50 (VIOLATED)
_43064_/S                               1.50    3.00   -1.50 (VIOLATED)
_43067_/S                               1.50    3.00   -1.50 (VIOLATED)
_43070_/S                               1.50    3.00   -1.50 (VIOLATED)
_43073_/S                               1.50    3.00   -1.50 (VIOLATED)
_43076_/S                               1.50    3.00   -1.50 (VIOLATED)
_43079_/S                               1.50    3.00   -1.50 (VIOLATED)
_43082_/S                               1.50    3.00   -1.50 (VIOLATED)
_43085_/S                               1.50    3.00   -1.50 (VIOLATED)
_43088_/S                               1.50    3.00   -1.50 (VIOLATED)
_43097_/S                               1.50    3.00   -1.50 (VIOLATED)
_43115_/S                               1.50    3.00   -1.50 (VIOLATED)
_43121_/S                               1.50    3.00   -1.50 (VIOLATED)
_43124_/S                               1.50    3.00   -1.50 (VIOLATED)
_43136_/S                               1.50    3.00   -1.50 (VIOLATED)
_43139_/S                               1.50    3.00   -1.50 (VIOLATED)
_25859_/X                               1.51    3.00   -1.49 (VIOLATED)
ANTENNA__46452__SET_B/DIODE             1.50    2.99   -1.49 (VIOLATED)
ANTENNA__46451__SET_B/DIODE             1.50    2.99   -1.49 (VIOLATED)
_46452_/SET_B                           1.50    2.99   -1.49 (VIOLATED)
hold24/X                                1.50    2.98   -1.48 (VIOLATED)
ANTENNA__46450__SET_B/DIODE             1.50    2.98   -1.48 (VIOLATED)
_46450_/SET_B                           1.50    2.98   -1.48 (VIOLATED)
_46451_/SET_B                           1.50    2.98   -1.48 (VIOLATED)
_44619_/Z                               1.52    2.87   -1.34 (VIOLATED)
_44616_/Z                               1.52    2.86   -1.34 (VIOLATED)
_44620_/Z                               1.52    2.83   -1.31 (VIOLATED)
_44617_/Z                               1.52    2.81   -1.29 (VIOLATED)
_44622_/Z                               1.52    2.80   -1.28 (VIOLATED)
ANTENNA__33538__B2/DIODE                1.50    2.76   -1.26 (VIOLATED)
ANTENNA__33539__B2/DIODE                1.50    2.76   -1.26 (VIOLATED)
_33539_/B2                              1.50    2.76   -1.26 (VIOLATED)
ANTENNA__33607__B2/DIODE                1.50    2.76   -1.26 (VIOLATED)
ANTENNA__33608__B2/DIODE                1.50    2.76   -1.26 (VIOLATED)
_33538_/B2                              1.50    2.76   -1.26 (VIOLATED)
_33607_/B2                              1.50    2.76   -1.26 (VIOLATED)
_33608_/B2                              1.50    2.76   -1.26 (VIOLATED)
_33537_/X                               1.51    2.76   -1.25 (VIOLATED)
_44621_/Z                               1.52    2.76   -1.24 (VIOLATED)
_44618_/Z                               1.52    2.76   -1.24 (VIOLATED)
ANTENNA__42112__S/DIODE                 1.50    2.66   -1.16 (VIOLATED)
ANTENNA__42212__S/DIODE                 1.50    2.66   -1.16 (VIOLATED)
ANTENNA__42111__S/DIODE                 1.50    2.66   -1.16 (VIOLATED)
_42111_/S                               1.50    2.66   -1.16 (VIOLATED)
_42112_/S                               1.50    2.66   -1.16 (VIOLATED)
_42212_/S                               1.50    2.66   -1.16 (VIOLATED)
ANTENNA__42163__S/DIODE                 1.50    2.66   -1.16 (VIOLATED)
_42163_/S                               1.50    2.66   -1.16 (VIOLATED)
ANTENNA__42162__S/DIODE                 1.50    2.66   -1.16 (VIOLATED)
_42162_/S                               1.50    2.66   -1.16 (VIOLATED)
ANTENNA__42144__S/DIODE                 1.50    2.66   -1.16 (VIOLATED)
_42144_/S                               1.50    2.66   -1.16 (VIOLATED)
ANTENNA__42145__S/DIODE                 1.50    2.66   -1.16 (VIOLATED)
ANTENNA__40922__S/DIODE                 1.50    2.66   -1.16 (VIOLATED)
ANTENNA__40924__S/DIODE                 1.50    2.66   -1.16 (VIOLATED)
ANTENNA__40925__S/DIODE                 1.50    2.66   -1.16 (VIOLATED)
_40924_/S                               1.50    2.66   -1.16 (VIOLATED)
_40925_/S                               1.50    2.66   -1.16 (VIOLATED)
_42145_/S                               1.50    2.66   -1.16 (VIOLATED)
ANTENNA__40920__S/DIODE                 1.50    2.66   -1.16 (VIOLATED)
_40920_/S                               1.50    2.66   -1.16 (VIOLATED)
ANTENNA__41038__S/DIODE                 1.50    2.66   -1.16 (VIOLATED)
ANTENNA__42138__S/DIODE                 1.50    2.66   -1.16 (VIOLATED)
_41038_/S                               1.50    2.66   -1.16 (VIOLATED)
_42138_/S                               1.50    2.66   -1.16 (VIOLATED)
_41006_/S                               1.50    2.66   -1.16 (VIOLATED)
ANTENNA__41006__S/DIODE                 1.50    2.66   -1.16 (VIOLATED)
ANTENNA__42139__S/DIODE                 1.50    2.66   -1.16 (VIOLATED)
_42139_/S                               1.50    2.66   -1.16 (VIOLATED)
ANTENNA__42142__S/DIODE                 1.50    2.66   -1.16 (VIOLATED)
ANTENNA__42202__S/DIODE                 1.50    2.66   -1.16 (VIOLATED)
_42141_/S                               1.50    2.66   -1.16 (VIOLATED)
_42142_/S                               1.50    2.66   -1.16 (VIOLATED)
_42202_/S                               1.50    2.66   -1.16 (VIOLATED)
ANTENNA__42224__S/DIODE                 1.50    2.66   -1.16 (VIOLATED)
_42224_/S                               1.50    2.66   -1.16 (VIOLATED)
_42106_/S                               1.50    2.66   -1.16 (VIOLATED)
ANTENNA__42106__S/DIODE                 1.50    2.66   -1.16 (VIOLATED)
ANTENNA__42107__S/DIODE                 1.50    2.66   -1.16 (VIOLATED)
ANTENNA__42226__S/DIODE                 1.50    2.66   -1.16 (VIOLATED)
_42107_/S                               1.50    2.66   -1.16 (VIOLATED)
_42226_/S                               1.50    2.66   -1.16 (VIOLATED)
ANTENNA__42207__S/DIODE                 1.50    2.66   -1.16 (VIOLATED)
_42207_/S                               1.50    2.66   -1.16 (VIOLATED)
ANTENNA__31637__B2/DIODE                1.50    2.66   -1.16 (VIOLATED)
ANTENNA__31640__A2/DIODE                1.50    2.66   -1.16 (VIOLATED)
ANTENNA__31649__B2/DIODE                1.50    2.66   -1.16 (VIOLATED)
ANTENNA__40834__S/DIODE                 1.50    2.66   -1.16 (VIOLATED)
ANTENNA__40840__S/DIODE                 1.50    2.66   -1.16 (VIOLATED)
ANTENNA__40846__S/DIODE                 1.50    2.66   -1.16 (VIOLATED)
ANTENNA__40852__S/DIODE                 1.50    2.66   -1.16 (VIOLATED)
ANTENNA__40858__S/DIODE                 1.50    2.66   -1.16 (VIOLATED)
ANTENNA__40863__S/DIODE                 1.50    2.66   -1.16 (VIOLATED)
ANTENNA__40871__S/DIODE                 1.50    2.66   -1.16 (VIOLATED)
ANTENNA__40875__S/DIODE                 1.50    2.66   -1.16 (VIOLATED)
ANTENNA__40879__S/DIODE                 1.50    2.66   -1.16 (VIOLATED)
ANTENNA__40882__S/DIODE                 1.50    2.66   -1.16 (VIOLATED)
ANTENNA__40885__S/DIODE                 1.50    2.66   -1.16 (VIOLATED)
ANTENNA__40900__S/DIODE                 1.50    2.66   -1.16 (VIOLATED)
ANTENNA__40911__S/DIODE                 1.50    2.66   -1.16 (VIOLATED)
ANTENNA__40926__S/DIODE                 1.50    2.66   -1.16 (VIOLATED)
ANTENNA__40950__S/DIODE                 1.50    2.66   -1.16 (VIOLATED)
ANTENNA__40963__S/DIODE                 1.50    2.66   -1.16 (VIOLATED)
ANTENNA__40972__S/DIODE                 1.50    2.66   -1.16 (VIOLATED)
ANTENNA__40985__S/DIODE                 1.50    2.66   -1.16 (VIOLATED)
ANTENNA__41002__S/DIODE                 1.50    2.66   -1.16 (VIOLATED)
ANTENNA__42141__S/DIODE                 1.50    2.66   -1.16 (VIOLATED)
ANTENNA__42148__S/DIODE                 1.50    2.66   -1.16 (VIOLATED)
ANTENNA__42149__S/DIODE                 1.50    2.66   -1.16 (VIOLATED)
ANTENNA__42151__S/DIODE                 1.50    2.66   -1.16 (VIOLATED)
ANTENNA__42152__S/DIODE                 1.50    2.66   -1.16 (VIOLATED)
ANTENNA__42154__S/DIODE                 1.50    2.66   -1.16 (VIOLATED)
ANTENNA__42155__S/DIODE                 1.50    2.66   -1.16 (VIOLATED)
ANTENNA__42203__S/DIODE                 1.50    2.66   -1.16 (VIOLATED)
ANTENNA__42208__S/DIODE                 1.50    2.66   -1.16 (VIOLATED)
ANTENNA__42213__S/DIODE                 1.50    2.66   -1.16 (VIOLATED)
ANTENNA__42214__S/DIODE                 1.50    2.66   -1.16 (VIOLATED)
ANTENNA__42215__S/DIODE                 1.50    2.66   -1.16 (VIOLATED)
ANTENNA__42219__S/DIODE                 1.50    2.66   -1.16 (VIOLATED)
ANTENNA__42220__S/DIODE                 1.50    2.66   -1.16 (VIOLATED)
ANTENNA__42225__S/DIODE                 1.50    2.66   -1.16 (VIOLATED)
ANTENNA__42227__S/DIODE                 1.50    2.66   -1.16 (VIOLATED)
_31637_/B2                              1.50    2.66   -1.16 (VIOLATED)
_31640_/A2                              1.50    2.66   -1.16 (VIOLATED)
_31649_/B2                              1.50    2.66   -1.16 (VIOLATED)
_40834_/S                               1.50    2.66   -1.16 (VIOLATED)
_40840_/S                               1.50    2.66   -1.16 (VIOLATED)
_40846_/S                               1.50    2.66   -1.16 (VIOLATED)
_40852_/S                               1.50    2.66   -1.16 (VIOLATED)
_40858_/S                               1.50    2.66   -1.16 (VIOLATED)
_40863_/S                               1.50    2.66   -1.16 (VIOLATED)
_40871_/S                               1.50    2.66   -1.16 (VIOLATED)
_40875_/S                               1.50    2.66   -1.16 (VIOLATED)
_40879_/S                               1.50    2.66   -1.16 (VIOLATED)
_40882_/S                               1.50    2.66   -1.16 (VIOLATED)
_40885_/S                               1.50    2.66   -1.16 (VIOLATED)
_40900_/S                               1.50    2.66   -1.16 (VIOLATED)
_40911_/S                               1.50    2.66   -1.16 (VIOLATED)
_40922_/S                               1.50    2.66   -1.16 (VIOLATED)
_40926_/S                               1.50    2.66   -1.16 (VIOLATED)
_40950_/S                               1.50    2.66   -1.16 (VIOLATED)
_40963_/S                               1.50    2.66   -1.16 (VIOLATED)
_40972_/S                               1.50    2.66   -1.16 (VIOLATED)
_40985_/S                               1.50    2.66   -1.16 (VIOLATED)
_41002_/S                               1.50    2.66   -1.16 (VIOLATED)
_42148_/S                               1.50    2.66   -1.16 (VIOLATED)
_42149_/S                               1.50    2.66   -1.16 (VIOLATED)
_42151_/S                               1.50    2.66   -1.16 (VIOLATED)
_42152_/S                               1.50    2.66   -1.16 (VIOLATED)
_42154_/S                               1.50    2.66   -1.16 (VIOLATED)
_42155_/S                               1.50    2.66   -1.16 (VIOLATED)
_42203_/S                               1.50    2.66   -1.16 (VIOLATED)
_42208_/S                               1.50    2.66   -1.16 (VIOLATED)
_42213_/S                               1.50    2.66   -1.16 (VIOLATED)
_42214_/S                               1.50    2.66   -1.16 (VIOLATED)
_42215_/S                               1.50    2.66   -1.16 (VIOLATED)
_42219_/S                               1.50    2.66   -1.16 (VIOLATED)
_42220_/S                               1.50    2.66   -1.16 (VIOLATED)
_42225_/S                               1.50    2.66   -1.16 (VIOLATED)
_42227_/S                               1.50    2.66   -1.16 (VIOLATED)
_31635_/X                               1.51    2.66   -1.15 (VIOLATED)
ANTENNA__41391__S/DIODE                 1.50    2.50   -1.00 (VIOLATED)
_41391_/S                               1.50    2.50   -1.00 (VIOLATED)
_41393_/S                               1.50    2.50   -1.00 (VIOLATED)
ANTENNA__41407__S/DIODE                 1.50    2.50   -1.00 (VIOLATED)
ANTENNA__41409__S/DIODE                 1.50    2.50   -1.00 (VIOLATED)
_41407_/S                               1.50    2.50   -1.00 (VIOLATED)
_41409_/S                               1.50    2.50   -1.00 (VIOLATED)
ANTENNA__41408__S/DIODE                 1.50    2.50   -1.00 (VIOLATED)
_41387_/S                               1.50    2.50   -1.00 (VIOLATED)
_41388_/S                               1.50    2.50   -1.00 (VIOLATED)
ANTENNA__41388__S/DIODE                 1.50    2.50   -1.00 (VIOLATED)
ANTENNA__41390__S/DIODE                 1.50    2.50   -1.00 (VIOLATED)
_41390_/S                               1.50    2.50   -1.00 (VIOLATED)
_41404_/S                               1.50    2.50   -1.00 (VIOLATED)
ANTENNA__41389__S/DIODE                 1.50    2.50   -1.00 (VIOLATED)
ANTENNA__41404__S/DIODE                 1.50    2.50   -1.00 (VIOLATED)
ANTENNA__41405__S/DIODE                 1.50    2.50   -1.00 (VIOLATED)
_41405_/S                               1.50    2.50   -1.00 (VIOLATED)
ANTENNA__38472__B/DIODE                 1.50    2.50   -1.00 (VIOLATED)
ANTENNA__38474__B/DIODE                 1.50    2.50   -1.00 (VIOLATED)
ANTENNA__41395__S/DIODE                 1.50    2.50   -1.00 (VIOLATED)
_38472_/B                               1.50    2.50   -1.00 (VIOLATED)
ANTENNA__38476__B/DIODE                 1.50    2.50   -1.00 (VIOLATED)
ANTENNA__40063__S/DIODE                 1.50    2.50   -1.00 (VIOLATED)
ANTENNA__41396__S/DIODE                 1.50    2.50   -1.00 (VIOLATED)
ANTENNA__41397__S/DIODE                 1.50    2.50   -1.00 (VIOLATED)
ANTENNA__41406__S/DIODE                 1.50    2.50   -1.00 (VIOLATED)
_38474_/B                               1.50    2.50   -1.00 (VIOLATED)
_38476_/B                               1.50    2.50   -1.00 (VIOLATED)
_41396_/S                               1.50    2.50   -1.00 (VIOLATED)
_41397_/S                               1.50    2.50   -1.00 (VIOLATED)
_41406_/S                               1.50    2.50   -1.00 (VIOLATED)
ANTENNA__41398__S/DIODE                 1.50    2.50   -1.00 (VIOLATED)
_41398_/S                               1.50    2.50   -1.00 (VIOLATED)
_41400_/S                               1.50    2.50   -1.00 (VIOLATED)
ANTENNA__40058__S/DIODE                 1.50    2.50   -1.00 (VIOLATED)
ANTENNA__40073__S/DIODE                 1.50    2.50   -1.00 (VIOLATED)
ANTENNA__40079__S/DIODE                 1.50    2.50   -1.00 (VIOLATED)
ANTENNA__40116__S/DIODE                 1.50    2.50   -1.00 (VIOLATED)
ANTENNA__40131__S/DIODE                 1.50    2.50   -1.00 (VIOLATED)
ANTENNA__40154__S/DIODE                 1.50    2.50   -1.00 (VIOLATED)
ANTENNA__40187__S/DIODE                 1.50    2.50   -1.00 (VIOLATED)
ANTENNA__40205__S/DIODE                 1.50    2.50   -1.00 (VIOLATED)
ANTENNA__40221__S/DIODE                 1.50    2.50   -1.00 (VIOLATED)
ANTENNA__40240__S/DIODE                 1.50    2.50   -1.00 (VIOLATED)
ANTENNA__40257__S/DIODE                 1.50    2.50   -1.00 (VIOLATED)
ANTENNA__40287__S/DIODE                 1.50    2.50   -1.00 (VIOLATED)
ANTENNA__40309__S/DIODE                 1.50    2.50   -1.00 (VIOLATED)
ANTENNA__40316__S/DIODE                 1.50    2.50   -1.00 (VIOLATED)
ANTENNA__40325__S/DIODE                 1.50    2.50   -1.00 (VIOLATED)
ANTENNA__41387__S/DIODE                 1.50    2.50   -1.00 (VIOLATED)
ANTENNA__41392__S/DIODE                 1.50    2.50   -1.00 (VIOLATED)
ANTENNA__41393__S/DIODE                 1.50    2.50   -1.00 (VIOLATED)
ANTENNA__41394__S/DIODE                 1.50    2.50   -1.00 (VIOLATED)
ANTENNA__41399__S/DIODE                 1.50    2.50   -1.00 (VIOLATED)
ANTENNA__41400__S/DIODE                 1.50    2.50   -1.00 (VIOLATED)
ANTENNA__41401__S/DIODE                 1.50    2.50   -1.00 (VIOLATED)
ANTENNA__41402__S/DIODE                 1.50    2.50   -1.00 (VIOLATED)
ANTENNA__41403__S/DIODE                 1.50    2.50   -1.00 (VIOLATED)
ANTENNA__41410__S/DIODE                 1.50    2.50   -1.00 (VIOLATED)
_40058_/S                               1.50    2.50   -1.00 (VIOLATED)
_40063_/S                               1.50    2.50   -1.00 (VIOLATED)
_40073_/S                               1.50    2.50   -1.00 (VIOLATED)
_40079_/S                               1.50    2.50   -1.00 (VIOLATED)
_40116_/S                               1.50    2.50   -1.00 (VIOLATED)
_40131_/S                               1.50    2.50   -1.00 (VIOLATED)
_40154_/S                               1.50    2.50   -1.00 (VIOLATED)
_40187_/S                               1.50    2.50   -1.00 (VIOLATED)
_40205_/S                               1.50    2.50   -1.00 (VIOLATED)
_40221_/S                               1.50    2.50   -1.00 (VIOLATED)
_40240_/S                               1.50    2.50   -1.00 (VIOLATED)
_40257_/S                               1.50    2.50   -1.00 (VIOLATED)
_40287_/S                               1.50    2.50   -1.00 (VIOLATED)
_40309_/S                               1.50    2.50   -1.00 (VIOLATED)
_40316_/S                               1.50    2.50   -1.00 (VIOLATED)
_40325_/S                               1.50    2.50   -1.00 (VIOLATED)
_41389_/S                               1.50    2.50   -1.00 (VIOLATED)
_41392_/S                               1.50    2.50   -1.00 (VIOLATED)
_41394_/S                               1.50    2.50   -1.00 (VIOLATED)
_41395_/S                               1.50    2.50   -1.00 (VIOLATED)
_41399_/S                               1.50    2.50   -1.00 (VIOLATED)
_41401_/S                               1.50    2.50   -1.00 (VIOLATED)
_41402_/S                               1.50    2.50   -1.00 (VIOLATED)
_41403_/S                               1.50    2.50   -1.00 (VIOLATED)
_41408_/S                               1.50    2.50   -1.00 (VIOLATED)
_41410_/S                               1.50    2.50   -1.00 (VIOLATED)
_37308_/X                               1.51    2.50   -0.99 (VIOLATED)
ANTENNA__30530__B2/DIODE                1.50    2.48   -0.98 (VIOLATED)
_30530_/B2                              1.50    2.48   -0.98 (VIOLATED)
_30529_/Y                               1.50    2.48   -0.98 (VIOLATED)
ANTENNA__30603__B2/DIODE                1.50    2.47   -0.97 (VIOLATED)
_30603_/B2                              1.50    2.47   -0.97 (VIOLATED)
_30602_/Y                               1.50    2.47   -0.97 (VIOLATED)
ANTENNA__30589__B2/DIODE                1.50    2.38   -0.88 (VIOLATED)
_30589_/B2                              1.50    2.38   -0.88 (VIOLATED)
_30588_/Y                               1.50    2.38   -0.88 (VIOLATED)
_44625_/Z                               1.52    2.34   -0.82 (VIOLATED)
_44623_/Z                               1.52    2.33   -0.81 (VIOLATED)
_44624_/Z                               1.52    2.29   -0.77 (VIOLATED)
_44626_/Z                               1.52    2.26   -0.74 (VIOLATED)
_39802_/Y                               1.49    2.22   -0.73 (VIOLATED)
ANTENNA__33559__B1/DIODE                1.50    2.21   -0.71 (VIOLATED)
ANTENNA__33589__B1/DIODE                1.50    2.21   -0.71 (VIOLATED)
_33589_/B1                              1.50    2.21   -0.71 (VIOLATED)
ANTENNA__33604__B1/DIODE                1.50    2.21   -0.71 (VIOLATED)
_33604_/B1                              1.50    2.21   -0.71 (VIOLATED)
ANTENNA__33615__B1/DIODE                1.50    2.21   -0.71 (VIOLATED)
_33615_/B1                              1.50    2.21   -0.71 (VIOLATED)
_33559_/B1                              1.50    2.21   -0.71 (VIOLATED)
_33558_/X                               1.51    2.21   -0.69 (VIOLATED)
ANTENNA__33641__A/DIODE                 1.50    2.18   -0.68 (VIOLATED)
_33641_/A                               1.50    2.18   -0.68 (VIOLATED)
ANTENNA__33635__A/DIODE                 1.50    2.18   -0.68 (VIOLATED)
_33635_/A                               1.50    2.18   -0.68 (VIOLATED)
ANTENNA__33647__A/DIODE                 1.50    2.18   -0.68 (VIOLATED)
_33647_/A                               1.50    2.18   -0.68 (VIOLATED)
ANTENNA__33516__A/DIODE                 1.50    2.18   -0.68 (VIOLATED)
_33516_/A                               1.50    2.18   -0.68 (VIOLATED)
_33515_/X                               1.51    2.18   -0.67 (VIOLATED)
_39505_/Y                               1.50    2.13   -0.63 (VIOLATED)
ANTENNA__40568__A1/DIODE                1.50    2.13   -0.63 (VIOLATED)
ANTENNA__40630__A1/DIODE                1.50    2.13   -0.63 (VIOLATED)
ANTENNA__40710__A1/DIODE                1.50    2.13   -0.63 (VIOLATED)
_40568_/A1                              1.50    2.13   -0.63 (VIOLATED)
_40710_/A1                              1.50    2.13   -0.63 (VIOLATED)
_40471_/A1                              1.50    2.13   -0.63 (VIOLATED)
ANTENNA__40471__A1/DIODE                1.50    2.13   -0.63 (VIOLATED)
_40417_/A1                              1.50    2.13   -0.63 (VIOLATED)
ANTENNA__40417__A1/DIODE                1.50    2.13   -0.63 (VIOLATED)
ANTENNA__40490__A1/DIODE                1.50    2.13   -0.63 (VIOLATED)
_40490_/A1                              1.50    2.13   -0.63 (VIOLATED)
ANTENNA__40539__A1/DIODE                1.50    2.13   -0.63 (VIOLATED)
ANTENNA__40385__A1/DIODE                1.50    2.13   -0.63 (VIOLATED)
_40385_/A1                              1.50    2.13   -0.63 (VIOLATED)
_40539_/A1                              1.50    2.13   -0.63 (VIOLATED)
_40462_/A1                              1.50    2.13   -0.63 (VIOLATED)
ANTENNA__40462__A1/DIODE                1.50    2.13   -0.63 (VIOLATED)
ANTENNA__39506__A/DIODE                 1.50    2.13   -0.63 (VIOLATED)
_39506_/A                               1.50    2.13   -0.63 (VIOLATED)
_40584_/A1                              1.50    2.13   -0.63 (VIOLATED)
ANTENNA__40584__A1/DIODE                1.50    2.13   -0.63 (VIOLATED)
ANTENNA__40520__A1/DIODE                1.50    2.13   -0.63 (VIOLATED)
_40520_/A1                              1.50    2.13   -0.63 (VIOLATED)
_40423_/A1                              1.50    2.13   -0.63 (VIOLATED)
ANTENNA__40423__A1/DIODE                1.50    2.13   -0.63 (VIOLATED)
ANTENNA__40812__A1/DIODE                1.50    2.13   -0.63 (VIOLATED)
ANTENNA__40432__A1/DIODE                1.50    2.13   -0.63 (VIOLATED)
ANTENNA__40443__A1/DIODE                1.50    2.13   -0.63 (VIOLATED)
ANTENNA__40501__A1/DIODE                1.50    2.13   -0.63 (VIOLATED)
ANTENNA__40601__A1/DIODE                1.50    2.13   -0.63 (VIOLATED)
ANTENNA__40641__A1/DIODE                1.50    2.13   -0.63 (VIOLATED)
ANTENNA__40650__A1/DIODE                1.50    2.13   -0.63 (VIOLATED)
ANTENNA__40671__A1/DIODE                1.50    2.13   -0.63 (VIOLATED)
ANTENNA__40683__A1/DIODE                1.50    2.13   -0.63 (VIOLATED)
ANTENNA__40692__A1/DIODE                1.50    2.13   -0.63 (VIOLATED)
ANTENNA__40769__A1/DIODE                1.50    2.13   -0.63 (VIOLATED)
ANTENNA__40799__A1/DIODE                1.50    2.13   -0.63 (VIOLATED)
_40432_/A1                              1.50    2.13   -0.63 (VIOLATED)
_40443_/A1                              1.50    2.13   -0.63 (VIOLATED)
_40501_/A1                              1.50    2.13   -0.63 (VIOLATED)
_40601_/A1                              1.50    2.13   -0.63 (VIOLATED)
_40630_/A1                              1.50    2.13   -0.63 (VIOLATED)
_40641_/A1                              1.50    2.13   -0.63 (VIOLATED)
_40650_/A1                              1.50    2.13   -0.63 (VIOLATED)
_40671_/A1                              1.50    2.13   -0.63 (VIOLATED)
_40683_/A1                              1.50    2.13   -0.63 (VIOLATED)
_40692_/A1                              1.50    2.13   -0.63 (VIOLATED)
_40769_/A1                              1.50    2.13   -0.63 (VIOLATED)
_40799_/A1                              1.50    2.13   -0.63 (VIOLATED)
_40812_/A1                              1.50    2.13   -0.63 (VIOLATED)
_42974_/A1                              1.50    2.12   -0.62 (VIOLATED)
ANTENNA__42974__A1/DIODE                1.50    2.12   -0.62 (VIOLATED)
_43070_/A0                              1.50    2.11   -0.61 (VIOLATED)
ANTENNA__43070__A0/DIODE                1.50    2.11   -0.61 (VIOLATED)
_23157_/A                               1.50    2.11   -0.61 (VIOLATED)
ANTENNA__23157__A/DIODE                 1.50    2.11   -0.61 (VIOLATED)
ANTENNA__28376__A1/DIODE                1.50    2.11   -0.61 (VIOLATED)
_28376_/A1                              1.50    2.11   -0.61 (VIOLATED)
ANTENNA__22852__A/DIODE                 1.50    2.11   -0.61 (VIOLATED)
ANTENNA__40048__A/DIODE                 1.50    2.11   -0.61 (VIOLATED)
_40048_/A                               1.50    2.11   -0.61 (VIOLATED)
_43162_/A1                              1.50    2.11   -0.61 (VIOLATED)
ANTENNA__43162__A1/DIODE                1.50    2.11   -0.61 (VIOLATED)
_25654_/A                               1.50    2.11   -0.61 (VIOLATED)
ANTENNA__25654__A/DIODE                 1.50    2.11   -0.61 (VIOLATED)
ANTENNA__43186__A1/DIODE                1.50    2.11   -0.61 (VIOLATED)
_43186_/A1                              1.50    2.11   -0.61 (VIOLATED)
ANTENNA__43210__A1/DIODE                1.50    2.11   -0.61 (VIOLATED)
ANTENNA__43234__A1/DIODE                1.50    2.11   -0.61 (VIOLATED)
ANTENNA_soc.soc_mem.mem.SRAM_Di[26]/DIODE    1.50    2.11   -0.61 (VIOLATED)
_22852_/A                               1.50    2.11   -0.61 (VIOLATED)
_43210_/A1                              1.50    2.11   -0.61 (VIOLATED)
_43234_/A1                              1.50    2.11   -0.61 (VIOLATED)
_48460_/Q                               1.51    2.11   -0.61 (VIOLATED)
_40002_/A                               1.50    2.08   -0.58 (VIOLATED)
ANTENNA__40002__A/DIODE                 1.50    2.08   -0.58 (VIOLATED)
ANTENNA__33619__B1/DIODE                1.50    2.08   -0.58 (VIOLATED)
_33619_/B1                              1.50    2.08   -0.58 (VIOLATED)
_33606_/B1                              1.50    2.08   -0.58 (VIOLATED)
ANTENNA__33606__B1/DIODE                1.50    2.08   -0.58 (VIOLATED)
ANTENNA__33563__B1/DIODE                1.50    2.08   -0.58 (VIOLATED)
ANTENNA__33591__B1/DIODE                1.50    2.08   -0.58 (VIOLATED)
_33563_/B1                              1.50    2.08   -0.58 (VIOLATED)
_33591_/B1                              1.50    2.08   -0.58 (VIOLATED)
ANTENNA__27239__A/DIODE                 1.50    2.07   -0.57 (VIOLATED)
_27239_/A                               1.50    2.07   -0.57 (VIOLATED)
ANTENNA__27115__A/DIODE                 1.50    2.07   -0.57 (VIOLATED)
_27115_/A                               1.50    2.07   -0.57 (VIOLATED)
_26987_/A                               1.50    2.07   -0.57 (VIOLATED)
ANTENNA__26987__A/DIODE                 1.50    2.07   -0.57 (VIOLATED)
ANTENNA__25564__A/DIODE                 1.50    2.07   -0.57 (VIOLATED)
_25564_/A                               1.50    2.07   -0.57 (VIOLATED)
_33562_/X                               1.51    2.08   -0.56 (VIOLATED)
_25563_/X                               1.51    2.07   -0.56 (VIOLATED)
ANTENNA__40015__A/DIODE                 1.50    2.05   -0.55 (VIOLATED)
_40015_/A                               1.50    2.05   -0.55 (VIOLATED)
_43046_/A1                              1.50    2.05   -0.55 (VIOLATED)
ANTENNA__43046__A1/DIODE                1.50    2.05   -0.55 (VIOLATED)
ANTENNA__23033__A/DIODE                 1.50    2.05   -0.55 (VIOLATED)
_23033_/A                               1.50    2.05   -0.55 (VIOLATED)
_23386_/A                               1.50    2.05   -0.55 (VIOLATED)
ANTENNA__23386__A/DIODE                 1.50    2.05   -0.55 (VIOLATED)
ANTENNA__23166__A/DIODE                 1.50    2.05   -0.55 (VIOLATED)
_23166_/A                               1.50    2.05   -0.55 (VIOLATED)
ANTENNA__42917__A0/DIODE                1.50    2.05   -0.55 (VIOLATED)
_42917_/A0                              1.50    2.05   -0.55 (VIOLATED)
ANTENNA_soc.soc_mem.mem.SRAM_A[1]/DIODE    1.50    2.05   -0.55 (VIOLATED)
_43094_/A0                              1.50    2.05   -0.55 (VIOLATED)
ANTENNA__43094__A0/DIODE                1.50    2.05   -0.55 (VIOLATED)
ANTENNA__40040__A/DIODE                 1.50    2.05   -0.55 (VIOLATED)
_40040_/A                               1.50    2.05   -0.55 (VIOLATED)
_43258_/A1                              1.50    2.05   -0.55 (VIOLATED)
ANTENNA__43258__A1/DIODE                1.50    2.05   -0.55 (VIOLATED)
_43266_/A1                              1.50    2.05   -0.55 (VIOLATED)
ANTENNA__43266__A1/DIODE                1.50    2.05   -0.55 (VIOLATED)
ANTENNA__22880__A/DIODE                 1.50    2.05   -0.55 (VIOLATED)
_22880_/A                               1.50    2.05   -0.55 (VIOLATED)
ANTENNA__25539__A/DIODE                 1.50    2.05   -0.55 (VIOLATED)
ANTENNA__43274__A1/DIODE                1.50    2.05   -0.55 (VIOLATED)
ANTENNA__43282__A1/DIODE                1.50    2.05   -0.55 (VIOLATED)
ANTENNA_soc.soc_mem.mem.SRAM_Di[18]/DIODE    1.50    2.05   -0.55 (VIOLATED)
_25539_/A                               1.50    2.05   -0.55 (VIOLATED)
_43274_/A1                              1.50    2.05   -0.55 (VIOLATED)
_43282_/A1                              1.50    2.05   -0.55 (VIOLATED)
_48405_/Q                               1.51    2.05   -0.55 (VIOLATED)
_48452_/Q                               1.51    2.05   -0.54 (VIOLATED)
ANTENNA__27493__A/DIODE                 1.50    2.00   -0.50 (VIOLATED)
_27493_/A                               1.50    2.00   -0.50 (VIOLATED)
ANTENNA__27120__A/DIODE                 1.50    2.00   -0.50 (VIOLATED)
_27120_/A                               1.50    2.00   -0.50 (VIOLATED)
ANTENNA__27244__A/DIODE                 1.50    2.00   -0.50 (VIOLATED)
ANTENNA__27368__A/DIODE                 1.50    2.00   -0.50 (VIOLATED)
_27244_/A                               1.50    2.00   -0.50 (VIOLATED)
_27368_/A                               1.50    2.00   -0.50 (VIOLATED)
_27119_/X                               1.51    2.00   -0.48 (VIOLATED)
_34181_/Y                               1.49    1.96   -0.46 (VIOLATED)
_42526_/A0                              1.50    1.96   -0.46 (VIOLATED)
_42528_/A0                              1.50    1.96   -0.46 (VIOLATED)
_42529_/A0                              1.50    1.96   -0.46 (VIOLATED)
ANTENNA__42526__A0/DIODE                1.50    1.96   -0.46 (VIOLATED)
ANTENNA__42527__A0/DIODE                1.50    1.96   -0.46 (VIOLATED)
ANTENNA__42528__A0/DIODE                1.50    1.96   -0.46 (VIOLATED)
_42530_/A0                              1.50    1.96   -0.46 (VIOLATED)
ANTENNA__42530__A0/DIODE                1.50    1.96   -0.46 (VIOLATED)
_42531_/A0                              1.50    1.96   -0.46 (VIOLATED)
ANTENNA__42531__A0/DIODE                1.50    1.96   -0.46 (VIOLATED)
ANTENNA__42573__A0/DIODE                1.50    1.96   -0.46 (VIOLATED)
_42573_/A0                              1.50    1.96   -0.46 (VIOLATED)
_42532_/A0                              1.50    1.96   -0.46 (VIOLATED)
ANTENNA__31596__B1/DIODE                1.50    1.96   -0.46 (VIOLATED)
_31596_/B1                              1.50    1.96   -0.46 (VIOLATED)
ANTENNA__42532__A0/DIODE                1.50    1.96   -0.46 (VIOLATED)
_42513_/A0                              1.50    1.96   -0.46 (VIOLATED)
ANTENNA__42513__A0/DIODE                1.50    1.96   -0.46 (VIOLATED)
_42515_/A0                              1.50    1.96   -0.46 (VIOLATED)
ANTENNA__42515__A0/DIODE                1.50    1.96   -0.46 (VIOLATED)
ANTENNA__34226__A/DIODE                 1.50    1.96   -0.46 (VIOLATED)
_34226_/A                               1.50    1.96   -0.46 (VIOLATED)
ANTENNA__37173__A/DIODE                 1.50    1.96   -0.46 (VIOLATED)
ANTENNA__42529__A0/DIODE                1.50    1.96   -0.46 (VIOLATED)
ANTENNA__42565__A0/DIODE                1.50    1.96   -0.46 (VIOLATED)
ANTENNA__42569__A0/DIODE                1.50    1.96   -0.46 (VIOLATED)
_37173_/A                               1.50    1.96   -0.46 (VIOLATED)
_42527_/A0                              1.50    1.96   -0.46 (VIOLATED)
_42565_/A0                              1.50    1.96   -0.46 (VIOLATED)
_42569_/A0                              1.50    1.96   -0.46 (VIOLATED)
ANTENNA__41120__S/DIODE                 1.50    1.96   -0.46 (VIOLATED)
_41120_/S                               1.50    1.96   -0.46 (VIOLATED)
ANTENNA__41119__S/DIODE                 1.50    1.96   -0.46 (VIOLATED)
_41119_/S                               1.50    1.96   -0.46 (VIOLATED)
ANTENNA__41118__S/DIODE                 1.50    1.96   -0.46 (VIOLATED)
_41118_/S                               1.50    1.96   -0.46 (VIOLATED)
_41122_/S                               1.50    1.96   -0.46 (VIOLATED)
ANTENNA__41121__S/DIODE                 1.50    1.96   -0.46 (VIOLATED)
_41121_/S                               1.50    1.96   -0.46 (VIOLATED)
_41124_/S                               1.50    1.96   -0.46 (VIOLATED)
ANTENNA__41122__S/DIODE                 1.50    1.96   -0.46 (VIOLATED)
ANTENNA__41124__S/DIODE                 1.50    1.96   -0.46 (VIOLATED)
ANTENNA__41117__S/DIODE                 1.50    1.96   -0.46 (VIOLATED)
_41117_/S                               1.50    1.96   -0.46 (VIOLATED)
_42189_/S                               1.50    1.96   -0.46 (VIOLATED)
ANTENNA__42189__S/DIODE                 1.50    1.96   -0.46 (VIOLATED)
_41126_/S                               1.50    1.96   -0.46 (VIOLATED)
ANTENNA__41126__S/DIODE                 1.50    1.96   -0.46 (VIOLATED)
ANTENNA__41453__S/DIODE                 1.50    1.96   -0.46 (VIOLATED)
_41453_/S                               1.50    1.96   -0.46 (VIOLATED)
_41125_/S                               1.50    1.96   -0.46 (VIOLATED)
ANTENNA__41125__S/DIODE                 1.50    1.96   -0.46 (VIOLATED)
ANTENNA__41446__S/DIODE                 1.50    1.96   -0.46 (VIOLATED)
_41444_/S                               1.50    1.96   -0.46 (VIOLATED)
_41446_/S                               1.50    1.96   -0.46 (VIOLATED)
ANTENNA__41444__S/DIODE                 1.50    1.96   -0.46 (VIOLATED)
ANTENNA__41123__S/DIODE                 1.50    1.96   -0.46 (VIOLATED)
ANTENNA__41447__S/DIODE                 1.50    1.96   -0.46 (VIOLATED)
ANTENNA__41448__S/DIODE                 1.50    1.96   -0.46 (VIOLATED)
ANTENNA__42921__S/DIODE                 1.50    1.96   -0.46 (VIOLATED)
ANTENNA__42923__S/DIODE                 1.50    1.96   -0.46 (VIOLATED)
ANTENNA__42925__S/DIODE                 1.50    1.96   -0.46 (VIOLATED)
ANTENNA__42927__S/DIODE                 1.50    1.96   -0.46 (VIOLATED)
ANTENNA__42929__S/DIODE                 1.50    1.96   -0.46 (VIOLATED)
ANTENNA__42931__S/DIODE                 1.50    1.96   -0.46 (VIOLATED)
_41123_/S                               1.50    1.96   -0.46 (VIOLATED)
_41447_/S                               1.50    1.96   -0.46 (VIOLATED)
_41448_/S                               1.50    1.96   -0.46 (VIOLATED)
_42921_/S                               1.50    1.96   -0.46 (VIOLATED)
_42923_/S                               1.50    1.96   -0.46 (VIOLATED)
_42925_/S                               1.50    1.96   -0.46 (VIOLATED)
_42927_/S                               1.50    1.96   -0.46 (VIOLATED)
_42929_/S                               1.50    1.96   -0.46 (VIOLATED)
_42931_/S                               1.50    1.96   -0.46 (VIOLATED)
_31595_/X                               1.51    1.96   -0.45 (VIOLATED)
ANTENNA__33607__A2/DIODE                1.50    1.94   -0.44 (VIOLATED)
_33607_/A2                              1.50    1.94   -0.44 (VIOLATED)
ANTENNA__33608__A2/DIODE                1.50    1.94   -0.44 (VIOLATED)
_33608_/A2                              1.50    1.94   -0.44 (VIOLATED)
ANTENNA__33538__A2/DIODE                1.50    1.94   -0.44 (VIOLATED)
ANTENNA__33539__A2/DIODE                1.50    1.94   -0.44 (VIOLATED)
_33538_/A2                              1.50    1.94   -0.44 (VIOLATED)
_33539_/A2                              1.50    1.94   -0.44 (VIOLATED)
ANTENNA__40938__S/DIODE                 1.50    1.94   -0.44 (VIOLATED)
ANTENNA__40966__S/DIODE                 1.50    1.94   -0.44 (VIOLATED)
_40938_/S                               1.50    1.94   -0.44 (VIOLATED)
_40953_/S                               1.50    1.94   -0.44 (VIOLATED)
_40966_/S                               1.50    1.94   -0.44 (VIOLATED)
_40974_/S                               1.50    1.94   -0.44 (VIOLATED)
ANTENNA__40974__S/DIODE                 1.50    1.94   -0.44 (VIOLATED)
ANTENNA__40987__S/DIODE                 1.50    1.94   -0.44 (VIOLATED)
_40987_/S                               1.50    1.94   -0.44 (VIOLATED)
_41008_/S                               1.50    1.94   -0.44 (VIOLATED)
ANTENNA__41008__S/DIODE                 1.50    1.94   -0.44 (VIOLATED)
ANTENNA__40998__S/DIODE                 1.50    1.94   -0.44 (VIOLATED)
_40998_/S                               1.50    1.94   -0.44 (VIOLATED)
_41017_/S                               1.50    1.94   -0.44 (VIOLATED)
ANTENNA__41017__S/DIODE                 1.50    1.94   -0.44 (VIOLATED)
ANTENNA__40953__S/DIODE                 1.50    1.94   -0.44 (VIOLATED)
_40939_/S                               1.50    1.94   -0.44 (VIOLATED)
ANTENNA__40939__S/DIODE                 1.50    1.94   -0.44 (VIOLATED)
ANTENNA__40954__S/DIODE                 1.50    1.94   -0.44 (VIOLATED)
_40954_/S                               1.50    1.94   -0.44 (VIOLATED)
_40967_/S                               1.50    1.94   -0.44 (VIOLATED)
ANTENNA__40967__S/DIODE                 1.50    1.94   -0.44 (VIOLATED)
ANTENNA__40975__S/DIODE                 1.50    1.94   -0.44 (VIOLATED)
_40975_/S                               1.50    1.94   -0.44 (VIOLATED)
_40988_/S                               1.50    1.94   -0.44 (VIOLATED)
ANTENNA__40988__S/DIODE                 1.50    1.94   -0.44 (VIOLATED)
ANTENNA__40999__S/DIODE                 1.50    1.94   -0.44 (VIOLATED)
_40999_/S                               1.50    1.94   -0.44 (VIOLATED)
ANTENNA__41009__S/DIODE                 1.50    1.94   -0.44 (VIOLATED)
_41009_/S                               1.50    1.94   -0.44 (VIOLATED)
ANTENNA__41018__S/DIODE                 1.50    1.94   -0.44 (VIOLATED)
_41018_/S                               1.50    1.94   -0.44 (VIOLATED)
_38376_/Y                               1.50    1.94   -0.44 (VIOLATED)
_38374_/Y                               1.50    1.94   -0.44 (VIOLATED)
_43049_/A1                              1.50    1.93   -0.43 (VIOLATED)
ANTENNA__43049__A1/DIODE                1.50    1.93   -0.43 (VIOLATED)
ANTENNA__43097__A0/DIODE                1.50    1.93   -0.43 (VIOLATED)
_43275_/A1                              1.50    1.93   -0.43 (VIOLATED)
ANTENNA__43275__A1/DIODE                1.50    1.93   -0.43 (VIOLATED)
ANTENNA__22884__A/DIODE                 1.50    1.93   -0.43 (VIOLATED)
_22884_/A                               1.50    1.93   -0.43 (VIOLATED)
ANTENNA__43259__A1/DIODE                1.50    1.93   -0.43 (VIOLATED)
ANTENNA__43267__A1/DIODE                1.50    1.93   -0.43 (VIOLATED)
_43267_/A1                              1.50    1.93   -0.43 (VIOLATED)
ANTENNA__25541__A/DIODE                 1.50    1.93   -0.43 (VIOLATED)
_25541_/A                               1.50    1.93   -0.43 (VIOLATED)
ANTENNA__40039__A/DIODE                 1.50    1.93   -0.43 (VIOLATED)
ANTENNA__43283__A1/DIODE                1.50    1.93   -0.43 (VIOLATED)
ANTENNA_soc.soc_mem.mem.SRAM_Di[17]/DIODE    1.50    1.93   -0.43 (VIOLATED)
_40039_/A                               1.50    1.93   -0.43 (VIOLATED)
_43097_/A0                              1.50    1.93   -0.43 (VIOLATED)
_43259_/A1                              1.50    1.93   -0.43 (VIOLATED)
_43283_/A1                              1.50    1.93   -0.43 (VIOLATED)
_33535_/X                               1.51    1.94   -0.43 (VIOLATED)
_48451_/Q                               1.51    1.93   -0.42 (VIOLATED)
ANTENNA__27190__A/DIODE                 1.50    1.90   -0.40 (VIOLATED)
_27190_/A                               1.50    1.90   -0.40 (VIOLATED)
_27390_/A                               1.50    1.90   -0.40 (VIOLATED)
ANTENNA__27390__A/DIODE                 1.50    1.90   -0.40 (VIOLATED)
ANTENNA__27581__A/DIODE                 1.50    1.90   -0.40 (VIOLATED)
_27581_/A                               1.50    1.90   -0.40 (VIOLATED)
ANTENNA__26983__A/DIODE                 1.50    1.90   -0.40 (VIOLATED)
_26983_/A                               1.50    1.90   -0.40 (VIOLATED)
_26982_/X                               1.51    1.90   -0.39 (VIOLATED)
_33605_/B1                              1.50    1.87   -0.37 (VIOLATED)
ANTENNA__33561__B1/DIODE                1.50    1.87   -0.37 (VIOLATED)
ANTENNA__33590__B1/DIODE                1.50    1.87   -0.37 (VIOLATED)
ANTENNA__33605__B1/DIODE                1.50    1.87   -0.37 (VIOLATED)
ANTENNA__33618__B1/DIODE                1.50    1.87   -0.37 (VIOLATED)
_33561_/B1                              1.50    1.87   -0.37 (VIOLATED)
_33590_/B1                              1.50    1.87   -0.37 (VIOLATED)
_33618_/B1                              1.50    1.87   -0.37 (VIOLATED)
_33560_/X                               1.51    1.87   -0.36 (VIOLATED)
_43485_/S                               1.50    1.85   -0.35 (VIOLATED)
_43463_/S                               1.50    1.85   -0.35 (VIOLATED)
ANTENNA__43463__S/DIODE                 1.50    1.85   -0.35 (VIOLATED)
_43474_/S                               1.50    1.85   -0.35 (VIOLATED)
ANTENNA__43474__S/DIODE                 1.50    1.85   -0.35 (VIOLATED)
ANTENNA__43408__S/DIODE                 1.50    1.85   -0.35 (VIOLATED)
ANTENNA__43419__S/DIODE                 1.50    1.85   -0.35 (VIOLATED)
_43419_/S                               1.50    1.85   -0.35 (VIOLATED)
_43408_/S                               1.50    1.85   -0.35 (VIOLATED)
_43452_/S                               1.50    1.85   -0.35 (VIOLATED)
ANTENNA__43452__S/DIODE                 1.50    1.85   -0.35 (VIOLATED)
_43441_/S                               1.50    1.85   -0.35 (VIOLATED)
ANTENNA__43441__S/DIODE                 1.50    1.85   -0.35 (VIOLATED)
_43386_/S                               1.50    1.85   -0.35 (VIOLATED)
ANTENNA__43386__S/DIODE                 1.50    1.85   -0.35 (VIOLATED)
_43430_/S                               1.50    1.85   -0.35 (VIOLATED)
ANTENNA__43397__S/DIODE                 1.50    1.85   -0.35 (VIOLATED)
ANTENNA__43430__S/DIODE                 1.50    1.85   -0.35 (VIOLATED)
_43397_/S                               1.50    1.85   -0.35 (VIOLATED)
_43375_/S                               1.50    1.85   -0.35 (VIOLATED)
ANTENNA__43375__S/DIODE                 1.50    1.85   -0.35 (VIOLATED)
ANTENNA__43540__S/DIODE                 1.50    1.85   -0.35 (VIOLATED)
_43540_/S                               1.50    1.85   -0.35 (VIOLATED)
ANTENNA__25618__B/DIODE                 1.50    1.85   -0.35 (VIOLATED)
_25618_/B                               1.50    1.85   -0.35 (VIOLATED)
ANTENNA__23390__B/DIODE                 1.50    1.85   -0.35 (VIOLATED)
ANTENNA__23764__B/DIODE                 1.50    1.85   -0.35 (VIOLATED)
ANTENNA__43287__S/DIODE                 1.50    1.85   -0.35 (VIOLATED)
ANTENNA__43298__S/DIODE                 1.50    1.85   -0.35 (VIOLATED)
ANTENNA__43309__S/DIODE                 1.50    1.85   -0.35 (VIOLATED)
ANTENNA__43320__S/DIODE                 1.50    1.85   -0.35 (VIOLATED)
ANTENNA__43331__S/DIODE                 1.50    1.85   -0.35 (VIOLATED)
ANTENNA__43342__S/DIODE                 1.50    1.85   -0.35 (VIOLATED)
ANTENNA__43353__S/DIODE                 1.50    1.85   -0.35 (VIOLATED)
ANTENNA__43364__S/DIODE                 1.50    1.85   -0.35 (VIOLATED)
ANTENNA__43485__S/DIODE                 1.50    1.85   -0.35 (VIOLATED)
ANTENNA__43496__S/DIODE                 1.50    1.85   -0.35 (VIOLATED)
ANTENNA__43507__S/DIODE                 1.50    1.85   -0.35 (VIOLATED)
ANTENNA__43518__S/DIODE                 1.50    1.85   -0.35 (VIOLATED)
ANTENNA__43529__S/DIODE                 1.50    1.85   -0.35 (VIOLATED)
ANTENNA__43551__S/DIODE                 1.50    1.85   -0.35 (VIOLATED)
ANTENNA__43562__S/DIODE                 1.50    1.85   -0.35 (VIOLATED)
ANTENNA__43573__S/DIODE                 1.50    1.85   -0.35 (VIOLATED)
ANTENNA__43584__S/DIODE                 1.50    1.85   -0.35 (VIOLATED)
ANTENNA__43595__S/DIODE                 1.50    1.85   -0.35 (VIOLATED)
ANTENNA__43606__S/DIODE                 1.50    1.85   -0.35 (VIOLATED)
ANTENNA__43617__S/DIODE                 1.50    1.85   -0.35 (VIOLATED)
ANTENNA__43628__S/DIODE                 1.50    1.85   -0.35 (VIOLATED)
_23390_/B                               1.50    1.85   -0.35 (VIOLATED)
_23764_/B                               1.50    1.85   -0.35 (VIOLATED)
_43287_/S                               1.50    1.85   -0.35 (VIOLATED)
_43298_/S                               1.50    1.85   -0.35 (VIOLATED)
_43309_/S                               1.50    1.85   -0.35 (VIOLATED)
_43320_/S                               1.50    1.85   -0.35 (VIOLATED)
_43331_/S                               1.50    1.85   -0.35 (VIOLATED)
_43342_/S                               1.50    1.85   -0.35 (VIOLATED)
_43353_/S                               1.50    1.85   -0.35 (VIOLATED)
_43364_/S                               1.50    1.85   -0.35 (VIOLATED)
_43496_/S                               1.50    1.85   -0.35 (VIOLATED)
_43507_/S                               1.50    1.85   -0.35 (VIOLATED)
_43518_/S                               1.50    1.85   -0.35 (VIOLATED)
_43529_/S                               1.50    1.85   -0.35 (VIOLATED)
_43551_/S                               1.50    1.85   -0.35 (VIOLATED)
_43562_/S                               1.50    1.85   -0.35 (VIOLATED)
_43573_/S                               1.50    1.85   -0.35 (VIOLATED)
_43584_/S                               1.50    1.85   -0.35 (VIOLATED)
_43595_/S                               1.50    1.85   -0.35 (VIOLATED)
_43606_/S                               1.50    1.85   -0.35 (VIOLATED)
_43617_/S                               1.50    1.85   -0.35 (VIOLATED)
_43628_/S                               1.50    1.85   -0.35 (VIOLATED)
_23389_/X                               1.51    1.85   -0.33 (VIOLATED)
_39979_/B1                              1.50    1.82   -0.32 (VIOLATED)
ANTENNA__39979__B1/DIODE                1.50    1.82   -0.32 (VIOLATED)
hold1/X                                 1.50    1.82   -0.32 (VIOLATED)
ANTENNA__39839__A/DIODE                 1.50    1.80   -0.30 (VIOLATED)
_39839_/A                               1.50    1.80   -0.30 (VIOLATED)
_26199_/A                               1.50    1.80   -0.30 (VIOLATED)
ANTENNA__26199__A/DIODE                 1.50    1.80   -0.30 (VIOLATED)
ANTENNA__42169__A1/DIODE                1.50    1.80   -0.30 (VIOLATED)
_42169_/A1                              1.50    1.80   -0.30 (VIOLATED)
_23107_/B                               1.50    1.80   -0.30 (VIOLATED)
ANTENNA__23107__B/DIODE                 1.50    1.80   -0.30 (VIOLATED)
ANTENNA__42166__A1/DIODE                1.50    1.80   -0.30 (VIOLATED)
_42166_/A1                              1.50    1.80   -0.30 (VIOLATED)
ANTENNA__23889__A/DIODE                 1.50    1.80   -0.30 (VIOLATED)
_23889_/A                               1.50    1.80   -0.30 (VIOLATED)
ANTENNA__23832__A/DIODE                 1.50    1.80   -0.30 (VIOLATED)
ANTENNA__23841__A/DIODE                 1.50    1.80   -0.30 (VIOLATED)
ANTENNA__23848__A/DIODE                 1.50    1.80   -0.30 (VIOLATED)
_23832_/A                               1.50    1.80   -0.30 (VIOLATED)
_23841_/A                               1.50    1.80   -0.30 (VIOLATED)
_23848_/A                               1.50    1.80   -0.30 (VIOLATED)
_23106_/X                               1.51    1.80   -0.29 (VIOLATED)
_33557_/B1                              1.50    1.79   -0.29 (VIOLATED)
ANTENNA__33557__B1/DIODE                1.50    1.79   -0.29 (VIOLATED)
_33588_/B1                              1.50    1.79   -0.29 (VIOLATED)
ANTENNA__33588__B1/DIODE                1.50    1.79   -0.29 (VIOLATED)
_33603_/B1                              1.50    1.79   -0.29 (VIOLATED)
ANTENNA__33603__B1/DIODE                1.50    1.79   -0.29 (VIOLATED)
_33614_/B1                              1.50    1.79   -0.29 (VIOLATED)
ANTENNA__33614__B1/DIODE                1.50    1.79   -0.29 (VIOLATED)
_23831_/X                               1.51    1.80   -0.29 (VIOLATED)
_26222_/B1                              1.50    1.78   -0.28 (VIOLATED)
ANTENNA__26222__B1/DIODE                1.50    1.78   -0.28 (VIOLATED)
_23143_/B1                              1.50    1.78   -0.28 (VIOLATED)
ANTENNA__23143__B1/DIODE                1.50    1.78   -0.28 (VIOLATED)
_25276_/B1                              1.50    1.78   -0.28 (VIOLATED)
ANTENNA__25276__B1/DIODE                1.50    1.78   -0.28 (VIOLATED)
ANTENNA__25521__B1/DIODE                1.50    1.78   -0.28 (VIOLATED)
_25521_/B1                              1.50    1.78   -0.28 (VIOLATED)
ANTENNA__33553__B1/DIODE                1.50    1.78   -0.28 (VIOLATED)
_33553_/B1                              1.50    1.78   -0.28 (VIOLATED)
ANTENNA__33585__B1/DIODE                1.50    1.78   -0.28 (VIOLATED)
_33585_/B1                              1.50    1.78   -0.28 (VIOLATED)
_33600_/B1                              1.50    1.78   -0.28 (VIOLATED)
ANTENNA__33600__B1/DIODE                1.50    1.78   -0.28 (VIOLATED)
_33613_/B1                              1.50    1.78   -0.28 (VIOLATED)
ANTENNA__33613__B1/DIODE                1.50    1.78   -0.28 (VIOLATED)
_33555_/X                               1.51    1.79   -0.28 (VIOLATED)
ANTENNA__25724__B1/DIODE                1.50    1.77   -0.27 (VIOLATED)
_25724_/B1                              1.50    1.77   -0.27 (VIOLATED)
_23614_/A1                              1.50    1.77   -0.27 (VIOLATED)
ANTENNA__23614__A1/DIODE                1.50    1.77   -0.27 (VIOLATED)
ANTENNA__25959__B1/DIODE                1.50    1.77   -0.27 (VIOLATED)
_25959_/B1                              1.50    1.77   -0.27 (VIOLATED)
ANTENNA__22843__A1/DIODE                1.50    1.77   -0.27 (VIOLATED)
_22843_/A1                              1.50    1.77   -0.27 (VIOLATED)
_23140_/X                               1.51    1.78   -0.27 (VIOLATED)
ANTENNA__22851__A1/DIODE                1.50    1.76   -0.26 (VIOLATED)
_22851_/A1                              1.50    1.76   -0.26 (VIOLATED)
_23620_/A1                              1.50    1.76   -0.26 (VIOLATED)
ANTENNA__23620__A1/DIODE                1.50    1.76   -0.26 (VIOLATED)
ANTENNA__25730__B1/DIODE                1.50    1.76   -0.26 (VIOLATED)
_25730_/B1                              1.50    1.76   -0.26 (VIOLATED)
_22841_/X                               1.51    1.77   -0.26 (VIOLATED)
ANTENNA__25964__B1/DIODE                1.50    1.76   -0.26 (VIOLATED)
_25964_/B1                              1.50    1.76   -0.26 (VIOLATED)
_33552_/X                               1.51    1.77   -0.26 (VIOLATED)
_22848_/X                               1.51    1.76   -0.25 (VIOLATED)
hold23/X                                1.50    1.74   -0.24 (VIOLATED)
_24777_/A3                              1.50    1.74   -0.24 (VIOLATED)
ANTENNA__24777__A3/DIODE                1.50    1.74   -0.24 (VIOLATED)
_22856_/A1                              1.50    1.73   -0.23 (VIOLATED)
ANTENNA__22856__A1/DIODE                1.50    1.73   -0.23 (VIOLATED)
_25967_/B1                              1.50    1.73   -0.23 (VIOLATED)
ANTENNA__25967__B1/DIODE                1.50    1.73   -0.23 (VIOLATED)
ANTENNA__23622__A1/DIODE                1.50    1.73   -0.23 (VIOLATED)
_25733_/B1                              1.50    1.73   -0.23 (VIOLATED)
ANTENNA__25733__B1/DIODE                1.50    1.73   -0.23 (VIOLATED)
_23622_/A1                              1.50    1.73   -0.23 (VIOLATED)
hold22/X                                1.50    1.72   -0.22 (VIOLATED)
_24778_/A3                              1.50    1.72   -0.22 (VIOLATED)
ANTENNA__24778__A3/DIODE                1.50    1.72   -0.22 (VIOLATED)
_22855_/X                               1.51    1.73   -0.22 (VIOLATED)
ANTENNA__39840__A/DIODE                 1.50    1.70   -0.20 (VIOLATED)
_39840_/A                               1.50    1.70   -0.20 (VIOLATED)
ANTENNA__26150__A1/DIODE                1.50    1.70   -0.20 (VIOLATED)
ANTENNA__26218__A/DIODE                 1.50    1.70   -0.20 (VIOLATED)
ANTENNA__42165__A1/DIODE                1.50    1.70   -0.20 (VIOLATED)
_26150_/A1                              1.50    1.70   -0.20 (VIOLATED)
_26218_/A                               1.50    1.70   -0.20 (VIOLATED)
_42165_/A1                              1.50    1.70   -0.20 (VIOLATED)
_34457_/A                               1.50    1.70   -0.20 (VIOLATED)
_34458_/A                               1.50    1.70   -0.20 (VIOLATED)
ANTENNA__34459__A/DIODE                 1.50    1.70   -0.20 (VIOLATED)
ANTENNA__34457__A/DIODE                 1.50    1.70   -0.20 (VIOLATED)
ANTENNA__34458__A/DIODE                 1.50    1.70   -0.20 (VIOLATED)
ANTENNA__39802__A/DIODE                 1.50    1.70   -0.20 (VIOLATED)
_34459_/A                               1.50    1.70   -0.20 (VIOLATED)
_39802_/A                               1.50    1.70   -0.20 (VIOLATED)
_26149_/X                               1.51    1.70   -0.19 (VIOLATED)
_34456_/X                               1.51    1.70   -0.19 (VIOLATED)
ANTENNA__33549__B1/DIODE                1.50    1.69   -0.19 (VIOLATED)
_33549_/B1                              1.50    1.69   -0.19 (VIOLATED)
_33583_/B1                              1.50    1.69   -0.19 (VIOLATED)
ANTENNA__33583__B1/DIODE                1.50    1.69   -0.19 (VIOLATED)
_33598_/B1                              1.50    1.69   -0.19 (VIOLATED)
ANTENNA__33598__B1/DIODE                1.50    1.69   -0.19 (VIOLATED)
ANTENNA__33608__B1/DIODE                1.50    1.68   -0.18 (VIOLATED)
_33608_/B1                              1.50    1.68   -0.18 (VIOLATED)
ANTENNA__27310__D/DIODE                 1.50    1.67   -0.17 (VIOLATED)
_27310_/D                               1.50    1.67   -0.17 (VIOLATED)
ANTENNA__27556__A/DIODE                 1.50    1.67   -0.17 (VIOLATED)
_27556_/A                               1.50    1.67   -0.17 (VIOLATED)
ANTENNA__27000__A/DIODE                 1.50    1.67   -0.17 (VIOLATED)
ANTENNA__28059__B/DIODE                 1.50    1.67   -0.17 (VIOLATED)
_27000_/A                               1.50    1.67   -0.17 (VIOLATED)
_28059_/B                               1.50    1.67   -0.17 (VIOLATED)
_33548_/X                               1.51    1.68   -0.17 (VIOLATED)
ANTENNA__27124__A/DIODE                 1.50    1.67   -0.17 (VIOLATED)
_27124_/A                               1.50    1.67   -0.17 (VIOLATED)
_26995_/A                               1.50    1.67   -0.17 (VIOLATED)
ANTENNA__26995__A/DIODE                 1.50    1.67   -0.17 (VIOLATED)
ANTENNA__25337__A/DIODE                 1.50    1.67   -0.17 (VIOLATED)
ANTENNA__25817__A/DIODE                 1.50    1.67   -0.17 (VIOLATED)
_25337_/A                               1.50    1.67   -0.17 (VIOLATED)
_25817_/A                               1.50    1.67   -0.17 (VIOLATED)
_26999_/X                               1.51    1.67   -0.16 (VIOLATED)
_25336_/X                               1.51    1.67   -0.16 (VIOLATED)
_25961_/B1                              1.50    1.65   -0.15 (VIOLATED)
ANTENNA__25961__B1/DIODE                1.50    1.65   -0.15 (VIOLATED)
_23616_/A1                              1.50    1.65   -0.15 (VIOLATED)
ANTENNA__23616__A1/DIODE                1.50    1.65   -0.15 (VIOLATED)
_25727_/B1                              1.50    1.65   -0.15 (VIOLATED)
ANTENNA__25727__B1/DIODE                1.50    1.65   -0.15 (VIOLATED)
ANTENNA__22847__A1/DIODE                1.50    1.65   -0.15 (VIOLATED)
_22847_/A1                              1.50    1.65   -0.15 (VIOLATED)
_36131_/B                               1.50    1.64   -0.14 (VIOLATED)
ANTENNA__36131__B/DIODE                 1.50    1.64   -0.14 (VIOLATED)
ANTENNA__27310__B/DIODE                 1.50    1.64   -0.14 (VIOLATED)
_27310_/B                               1.50    1.64   -0.14 (VIOLATED)
_27003_/C                               1.50    1.64   -0.14 (VIOLATED)
ANTENNA__27003__C/DIODE                 1.50    1.64   -0.14 (VIOLATED)
ANTENNA__23531__A/DIODE                 1.50    1.64   -0.14 (VIOLATED)
_23531_/A                               1.50    1.64   -0.14 (VIOLATED)
_22846_/X                               1.51    1.65   -0.14 (VIOLATED)
_23530_/X                               1.51    1.64   -0.13 (VIOLATED)
_43279_/A1                              1.50    1.63   -0.13 (VIOLATED)
ANTENNA__43279__A1/DIODE                1.50    1.63   -0.13 (VIOLATED)
_43085_/A0                              1.50    1.63   -0.13 (VIOLATED)
ANTENNA__43085__A0/DIODE                1.50    1.63   -0.13 (VIOLATED)
ANTENNA__23569__A/DIODE                 1.50    1.62   -0.12 (VIOLATED)
ANTENNA__22138__A/DIODE                 1.50    1.62   -0.12 (VIOLATED)
_22138_/A                               1.50    1.62   -0.12 (VIOLATED)
ANTENNA__22865__A/DIODE                 1.50    1.62   -0.12 (VIOLATED)
_22865_/A                               1.50    1.62   -0.12 (VIOLATED)
ANTENNA__22657__A/DIODE                 1.50    1.62   -0.12 (VIOLATED)
_22657_/A                               1.50    1.62   -0.12 (VIOLATED)
_23569_/A                               1.50    1.62   -0.12 (VIOLATED)
ANTENNA__22869__A/DIODE                 1.50    1.62   -0.12 (VIOLATED)
_22869_/A                               1.50    1.62   -0.12 (VIOLATED)
ANTENNA__43263__A1/DIODE                1.50    1.62   -0.12 (VIOLATED)
_43263_/A1                              1.50    1.62   -0.12 (VIOLATED)
ANTENNA__25530__A/DIODE                 1.50    1.62   -0.12 (VIOLATED)
_25530_/A                               1.50    1.62   -0.12 (VIOLATED)
ANTENNA__40043__A/DIODE                 1.50    1.62   -0.12 (VIOLATED)
ANTENNA__43037__A1/DIODE                1.50    1.62   -0.12 (VIOLATED)
ANTENNA__43255__A1/DIODE                1.50    1.62   -0.12 (VIOLATED)
ANTENNA__43271__A1/DIODE                1.50    1.62   -0.12 (VIOLATED)
ANTENNA_soc.soc_mem.mem.SRAM_Di[21]/DIODE    1.50    1.62   -0.12 (VIOLATED)
_40043_/A                               1.50    1.62   -0.12 (VIOLATED)
_43037_/A1                              1.50    1.62   -0.12 (VIOLATED)
_43255_/A1                              1.50    1.62   -0.12 (VIOLATED)
_43271_/A1                              1.50    1.62   -0.12 (VIOLATED)
_25413_/A                               1.50    1.62   -0.12 (VIOLATED)
ANTENNA__25413__A/DIODE                 1.50    1.62   -0.12 (VIOLATED)
_42911_/A0                              1.50    1.62   -0.12 (VIOLATED)
ANTENNA__42911__A0/DIODE                1.50    1.62   -0.12 (VIOLATED)
_23012_/A                               1.50    1.62   -0.12 (VIOLATED)
ANTENNA__23012__A/DIODE                 1.50    1.62   -0.12 (VIOLATED)
ANTENNA__40008__A/DIODE                 1.50    1.62   -0.12 (VIOLATED)
ANTENNA__40021__A/DIODE                 1.50    1.62   -0.12 (VIOLATED)
ANTENNA_soc.soc_mem.mem.SRAM_A[7]/DIODE    1.50    1.62   -0.12 (VIOLATED)
_40008_/A                               1.50    1.62   -0.12 (VIOLATED)
_40021_/A                               1.50    1.62   -0.12 (VIOLATED)
_48455_/Q                               1.51    1.62   -0.12 (VIOLATED)
_48411_/Q                               1.51    1.62   -0.12 (VIOLATED)
ANTENNA__29508__C/DIODE                 1.50    1.62   -0.12 (VIOLATED)
_29508_/C                               1.50    1.62   -0.12 (VIOLATED)
ANTENNA__29515__B/DIODE                 1.50    1.62   -0.12 (VIOLATED)
_29515_/B                               1.50    1.62   -0.12 (VIOLATED)
ANTENNA__24198__A/DIODE                 1.50    1.62   -0.12 (VIOLATED)
ANTENNA__24772__A2/DIODE                1.50    1.62   -0.12 (VIOLATED)
_24198_/A                               1.50    1.62   -0.12 (VIOLATED)
_24772_/A2                              1.50    1.62   -0.12 (VIOLATED)
_22137_/X                               1.51    1.62   -0.11 (VIOLATED)
_40110_/X                               1.51    1.61   -0.11 (VIOLATED)
_24197_/X                               1.51    1.62   -0.10 (VIOLATED)
_43278_/A1                              1.50    1.60   -0.10 (VIOLATED)
ANTENNA__43278__A1/DIODE                1.50    1.60   -0.10 (VIOLATED)
_40044_/A                               1.50    1.60   -0.10 (VIOLATED)
ANTENNA__40044__A/DIODE                 1.50    1.60   -0.10 (VIOLATED)
_43254_/A1                              1.50    1.60   -0.10 (VIOLATED)
ANTENNA__43254__A1/DIODE                1.50    1.60   -0.10 (VIOLATED)
_43270_/A1                              1.50    1.60   -0.10 (VIOLATED)
ANTENNA__43270__A1/DIODE                1.50    1.60   -0.10 (VIOLATED)
_43262_/A1                              1.50    1.60   -0.10 (VIOLATED)
ANTENNA__22863__A/DIODE                 1.50    1.60   -0.10 (VIOLATED)
_22863_/A                               1.50    1.60   -0.10 (VIOLATED)
ANTENNA__25522__A/DIODE                 1.50    1.60   -0.10 (VIOLATED)
ANTENNA__43034__A1/DIODE                1.50    1.60   -0.10 (VIOLATED)
ANTENNA__43082__A0/DIODE                1.50    1.60   -0.10 (VIOLATED)
ANTENNA__43262__A1/DIODE                1.50    1.60   -0.10 (VIOLATED)
ANTENNA_soc.soc_mem.mem.SRAM_Di[22]/DIODE    1.50    1.60   -0.10 (VIOLATED)
_25522_/A                               1.50    1.60   -0.10 (VIOLATED)
_43034_/A1                              1.50    1.60   -0.10 (VIOLATED)
_43082_/A0                              1.50    1.60   -0.10 (VIOLATED)
_29135_/B                               1.50    1.60   -0.10 (VIOLATED)
ANTENNA__29135__B/DIODE                 1.50    1.60   -0.10 (VIOLATED)
ANTENNA__29129__B/DIODE                 1.50    1.60   -0.10 (VIOLATED)
_29129_/B                               1.50    1.60   -0.10 (VIOLATED)
ANTENNA__33761__B/DIODE                 1.50    1.60   -0.10 (VIOLATED)
_33761_/B                               1.50    1.60   -0.10 (VIOLATED)
ANTENNA__24764__A2/DIODE                1.50    1.60   -0.10 (VIOLATED)
_24764_/A2                              1.50    1.60   -0.10 (VIOLATED)
_26195_/B1                              1.50    1.60   -0.10 (VIOLATED)
ANTENNA__26195__B1/DIODE                1.50    1.60   -0.10 (VIOLATED)
_25819_/B1                              1.50    1.60   -0.10 (VIOLATED)
ANTENNA__25819__B1/DIODE                1.50    1.60   -0.10 (VIOLATED)
_23096_/B1                              1.50    1.60   -0.10 (VIOLATED)
ANTENNA__23096__B1/DIODE                1.50    1.60   -0.10 (VIOLATED)
_25317_/B1                              1.50    1.60   -0.10 (VIOLATED)
ANTENNA__25317__B1/DIODE                1.50    1.60   -0.10 (VIOLATED)
_48456_/Q                               1.51    1.60   -0.10 (VIOLATED)
_24759_/X                               1.51    1.60   -0.09 (VIOLATED)
_23095_/X                               1.51    1.60   -0.08 (VIOLATED)
ANTENNA__27250__A/DIODE                 1.50    1.57   -0.07 (VIOLATED)
_27250_/A                               1.50    1.57   -0.07 (VIOLATED)
_27372_/A                               1.50    1.57   -0.07 (VIOLATED)
ANTENNA__27372__A/DIODE                 1.50    1.57   -0.07 (VIOLATED)
ANTENNA__27497__A/DIODE                 1.50    1.57   -0.07 (VIOLATED)
_27619_/A                               1.50    1.57   -0.07 (VIOLATED)
ANTENNA__27619__A/DIODE                 1.50    1.57   -0.07 (VIOLATED)
_27497_/A                               1.50    1.57   -0.07 (VIOLATED)
_27249_/X                               1.51    1.57   -0.05 (VIOLATED)
_25807_/A                               1.50    1.53   -0.03 (VIOLATED)
ANTENNA__25807__A/DIODE                 1.50    1.53   -0.03 (VIOLATED)
_23864_/A                               1.50    1.53   -0.03 (VIOLATED)
ANTENNA__23864__A/DIODE                 1.50    1.53   -0.03 (VIOLATED)
ANTENNA__22936__A/DIODE                 1.50    1.53   -0.03 (VIOLATED)
_22936_/A                               1.50    1.53   -0.03 (VIOLATED)
ANTENNA__29068__A1/DIODE                1.50    1.53   -0.03 (VIOLATED)
_29068_/A1                              1.50    1.53   -0.03 (VIOLATED)
_43016_/A1                              1.50    1.53   -0.03 (VIOLATED)
ANTENNA__43016__A1/DIODE                1.50    1.53   -0.03 (VIOLATED)
_43216_/A1                              1.50    1.53   -0.03 (VIOLATED)
ANTENNA__43216__A1/DIODE                1.50    1.53   -0.03 (VIOLATED)
_43136_/A0                              1.50    1.53   -0.03 (VIOLATED)
ANTENNA__43136__A0/DIODE                1.50    1.53   -0.03 (VIOLATED)
ANTENNA__43192__A1/DIODE                1.50    1.53   -0.03 (VIOLATED)
_43192_/A1                              1.50    1.53   -0.03 (VIOLATED)
ANTENNA__28100__A/DIODE                 1.50    1.52   -0.02 (VIOLATED)
_28100_/A                               1.50    1.52   -0.02 (VIOLATED)
_27499_/A                               1.50    1.52   -0.02 (VIOLATED)
ANTENNA__27499__A/DIODE                 1.50    1.52   -0.02 (VIOLATED)
_43168_/A1                              1.50    1.52   -0.02 (VIOLATED)
ANTENNA__22904__A/DIODE                 1.50    1.52   -0.02 (VIOLATED)
ANTENNA__26997__A/DIODE                 1.50    1.52   -0.02 (VIOLATED)
ANTENNA__40034__A/DIODE                 1.50    1.52   -0.02 (VIOLATED)
ANTENNA__43168__A1/DIODE                1.50    1.52   -0.02 (VIOLATED)
ANTENNA__43240__A1/DIODE                1.50    1.52   -0.02 (VIOLATED)
ANTENNA_soc.soc_mem.mem.SRAM_Di[12]/DIODE    1.50    1.52   -0.02 (VIOLATED)
_22904_/A                               1.50    1.52   -0.02 (VIOLATED)
_26997_/A                               1.50    1.52   -0.02 (VIOLATED)
_40034_/A                               1.50    1.52   -0.02 (VIOLATED)
_43240_/A1                              1.50    1.52   -0.02 (VIOLATED)
_42363_/S                               1.50    1.52   -0.02 (VIOLATED)
ANTENNA__42363__S/DIODE                 1.50    1.52   -0.02 (VIOLATED)
_42365_/S                               1.50    1.52   -0.02 (VIOLATED)
ANTENNA__42365__S/DIODE                 1.50    1.52   -0.02 (VIOLATED)
_42367_/S                               1.50    1.52   -0.02 (VIOLATED)
ANTENNA__42367__S/DIODE                 1.50    1.52   -0.02 (VIOLATED)
_42369_/S                               1.50    1.52   -0.02 (VIOLATED)
ANTENNA__42369__S/DIODE                 1.50    1.52   -0.02 (VIOLATED)
_42371_/S                               1.50    1.52   -0.02 (VIOLATED)
ANTENNA__42371__S/DIODE                 1.50    1.52   -0.02 (VIOLATED)
_42375_/S                               1.50    1.52   -0.02 (VIOLATED)
ANTENNA__42375__S/DIODE                 1.50    1.52   -0.02 (VIOLATED)
_42373_/S                               1.50    1.52   -0.02 (VIOLATED)
_42377_/S                               1.50    1.52   -0.02 (VIOLATED)
ANTENNA__42377__S/DIODE                 1.50    1.52   -0.02 (VIOLATED)
_42379_/S                               1.50    1.52   -0.02 (VIOLATED)
ANTENNA__42379__S/DIODE                 1.50    1.52   -0.02 (VIOLATED)
ANTENNA__34054__A3/DIODE                1.50    1.52   -0.02 (VIOLATED)
_34054_/A3                              1.50    1.52   -0.02 (VIOLATED)
ANTENNA__29108__A/DIODE                 1.50    1.52   -0.02 (VIOLATED)
ANTENNA__38233__A2/DIODE                1.50    1.52   -0.02 (VIOLATED)
ANTENNA__42317__S/DIODE                 1.50    1.52   -0.02 (VIOLATED)
ANTENNA__42319__S/DIODE                 1.50    1.52   -0.02 (VIOLATED)
ANTENNA__42321__S/DIODE                 1.50    1.52   -0.02 (VIOLATED)
ANTENNA__42323__S/DIODE                 1.50    1.52   -0.02 (VIOLATED)
ANTENNA__42325__S/DIODE                 1.50    1.52   -0.02 (VIOLATED)
ANTENNA__42327__S/DIODE                 1.50    1.52   -0.02 (VIOLATED)
ANTENNA__42329__S/DIODE                 1.50    1.52   -0.02 (VIOLATED)
ANTENNA__42331__S/DIODE                 1.50    1.52   -0.02 (VIOLATED)
ANTENNA__42333__S/DIODE                 1.50    1.52   -0.02 (VIOLATED)
ANTENNA__42335__S/DIODE                 1.50    1.52   -0.02 (VIOLATED)
ANTENNA__42337__S/DIODE                 1.50    1.52   -0.02 (VIOLATED)
ANTENNA__42339__S/DIODE                 1.50    1.52   -0.02 (VIOLATED)
ANTENNA__42341__S/DIODE                 1.50    1.52   -0.02 (VIOLATED)
ANTENNA__42343__S/DIODE                 1.50    1.52   -0.02 (VIOLATED)
ANTENNA__42345__S/DIODE                 1.50    1.52   -0.02 (VIOLATED)
ANTENNA__42347__S/DIODE                 1.50    1.52   -0.02 (VIOLATED)
ANTENNA__42349__S/DIODE                 1.50    1.52   -0.02 (VIOLATED)
ANTENNA__42351__S/DIODE                 1.50    1.52   -0.02 (VIOLATED)
ANTENNA__42353__S/DIODE                 1.50    1.52   -0.02 (VIOLATED)
ANTENNA__42355__S/DIODE                 1.50    1.52   -0.02 (VIOLATED)
ANTENNA__42357__S/DIODE                 1.50    1.52   -0.02 (VIOLATED)
ANTENNA__42359__S/DIODE                 1.50    1.52   -0.02 (VIOLATED)
ANTENNA__42361__S/DIODE                 1.50    1.52   -0.02 (VIOLATED)
ANTENNA__42373__S/DIODE                 1.50    1.52   -0.02 (VIOLATED)
_29108_/A                               1.50    1.52   -0.02 (VIOLATED)
_38233_/A2                              1.50    1.52   -0.02 (VIOLATED)
_42317_/S                               1.50    1.52   -0.02 (VIOLATED)
_42319_/S                               1.50    1.52   -0.02 (VIOLATED)
_42321_/S                               1.50    1.52   -0.02 (VIOLATED)
_42323_/S                               1.50    1.52   -0.02 (VIOLATED)
_42325_/S                               1.50    1.52   -0.02 (VIOLATED)
_42327_/S                               1.50    1.52   -0.02 (VIOLATED)
_42329_/S                               1.50    1.52   -0.02 (VIOLATED)
_42331_/S                               1.50    1.52   -0.02 (VIOLATED)
_42333_/S                               1.50    1.52   -0.02 (VIOLATED)
_42335_/S                               1.50    1.52   -0.02 (VIOLATED)
_42337_/S                               1.50    1.52   -0.02 (VIOLATED)
_42339_/S                               1.50    1.52   -0.02 (VIOLATED)
_42341_/S                               1.50    1.52   -0.02 (VIOLATED)
_42343_/S                               1.50    1.52   -0.02 (VIOLATED)
_42345_/S                               1.50    1.52   -0.02 (VIOLATED)
_42347_/S                               1.50    1.52   -0.02 (VIOLATED)
_42349_/S                               1.50    1.52   -0.02 (VIOLATED)
_42351_/S                               1.50    1.52   -0.02 (VIOLATED)
_42353_/S                               1.50    1.52   -0.02 (VIOLATED)
_42355_/S                               1.50    1.52   -0.02 (VIOLATED)
_42357_/S                               1.50    1.52   -0.02 (VIOLATED)
_42359_/S                               1.50    1.52   -0.02 (VIOLATED)
_42361_/S                               1.50    1.52   -0.02 (VIOLATED)
_26212_/B1                              1.50    1.52   -0.02 (VIOLATED)
ANTENNA__26212__B1/DIODE                1.50    1.52   -0.02 (VIOLATED)
_23125_/B1                              1.50    1.52   -0.02 (VIOLATED)
ANTENNA__23125__B1/DIODE                1.50    1.52   -0.02 (VIOLATED)
_25300_/B1                              1.50    1.52   -0.02 (VIOLATED)
ANTENNA__25300__B1/DIODE                1.50    1.52   -0.02 (VIOLATED)
_23524_/B1                              1.50    1.52   -0.02 (VIOLATED)
ANTENNA__23524__B1/DIODE                1.50    1.52   -0.02 (VIOLATED)
_22935_/X                               1.51    1.53   -0.02 (VIOLATED)
_36723_/Y                               1.49    1.51   -0.02 (VIOLATED)
_48446_/Q                               1.51    1.52   -0.02 (VIOLATED)
_40096_/A0                              1.50    1.51   -0.01 (VIOLATED)
ANTENNA__40096__A0/DIODE                1.50    1.51   -0.01 (VIOLATED)
_29106_/X                               1.51    1.52   -0.01 (VIOLATED)
_23123_/X                               1.51    1.52   -0.01 (VIOLATED)
_27347_/A                               1.50    1.50   -0.00 (VIOLATED)
ANTENNA__27347__A/DIODE                 1.50    1.50   -0.00 (VIOLATED)
_27470_/A                               1.50    1.50   -0.00 (VIOLATED)
ANTENNA__27470__A/DIODE                 1.50    1.50   -0.00 (VIOLATED)
_27594_/A                               1.50    1.50   -0.00 (VIOLATED)
ANTENNA__27594__A/DIODE                 1.50    1.50   -0.00 (VIOLATED)
ANTENNA__27714__A/DIODE                 1.50    1.50   -0.00 (VIOLATED)
_27714_/A                               1.50    1.50   -0.00 (VIOLATED)
_25856_/B1                              1.50    1.50   -0.00 (VIOLATED)
_25845_/B1                              1.50    1.50   -0.00 (VIOLATED)
ANTENNA__25845__B1/DIODE                1.50    1.50   -0.00 (VIOLATED)
ANTENNA__25856__B1/DIODE                1.50    1.50   -0.00 (VIOLATED)
_25875_/B1                              1.50    1.50   -0.00 (VIOLATED)
ANTENNA__25875__B1/DIODE                1.50    1.50   -0.00 (VIOLATED)
_25814_/B1                              1.50    1.50   -0.00 (VIOLATED)
ANTENNA__25814__B1/DIODE                1.50    1.50   -0.00 (VIOLATED)

max capacitance

Pin                                    Limit     Cap   Slack
------------------------------------------------------------
_22140_/X                               0.17    1.12   -0.95 (VIOLATED)
_30512_/Y                               0.18    0.20   -0.02 (VIOLATED)
hold24/X                                0.20    0.20   -0.00 (VIOLATED)

